22:04:49 **** Incremental Build of configuration Debug for project tcp_socket_client ****
make -j8 all 
arm-none-eabi-gcc "../Core/Src/udp_server.c" -mcpu=cortex-m4 -std=gnu11 -g3 -DDEBUG -DUSE_HTTP_SERVER_SOLUTION -DUSE_HTTP_SERVER -DUSE_HAL_DRIVER -DSTM32F407xx -c -I../Drivers/KSZ8081RNB/Inc -I../Drivers/DHT11/Inc -I../Drivers/WH1602B/Inc -I../Drivers/BSP/Inc -I../Core/Inc -I../Drivers/STM32F4xx_HAL_Driver/Inc -I../Drivers/STM32F4xx_HAL_Driver/Inc/Legacy -I../Drivers/CMSIS/Device/ST/STM32F4xx/Include -I../Drivers/CMSIS/Include -I../LWIP/App -I../LWIP/Target -I../Middlewares/Third_Party/LwIP/src/include -I../Middlewares/Third_Party/LwIP/system -I../Middlewares/Third_Party/FreeRTOS/Source/include -I../Middlewares/Third_Party/FreeRTOS/Source/CMSIS_RTOS -I../Middlewares/Third_Party/FreeRTOS/Source/portable/GCC/ARM_CM4F -I../Middlewares/Third_Party/LwIP/src/include/netif/ppp -I../Middlewares/Third_Party/LwIP/src/include/lwip -I../Middlewares/Third_Party/LwIP/src/include/lwip/apps -I../Middlewares/Third_Party/LwIP/src/include/lwip/priv -I../Middlewares/Third_Party/LwIP/src/include/lwip/prot -I../Middlewares/Third_Party/LwIP/src/include/netif -I../Middlewares/Third_Party/LwIP/src/include/compat/posix -I../Middlewares/Third_Party/LwIP/src/include/compat/posix/arpa -I../Middlewares/Third_Party/LwIP/src/include/compat/posix/net -I../Middlewares/Third_Party/LwIP/src/include/compat/posix/sys -I../Middlewares/Third_Party/LwIP/src/include/compat/stdc -I../Middlewares/Third_Party/LwIP/system/arch -O0 -ffunction-sections -fdata-sections -Wall -fstack-usage -MMD -MP -MF"Core/Src/udp_server.d" -MT"Core/Src/udp_server.o" --specs=nano.specs -mfpu=fpv4-sp-d16 -mfloat-abi=hard -mthumb -o "Core/Src/udp_server.o"
arm-none-eabi-gcc -o "tcp_socket_client.elf" @"objects.list"   -mcpu=cortex-m4 -T"/home/dtretiakov/Desktop/my_git/GL-ESK-ETHERNET/tcp_socket_client/STM32F407VGTX_FLASH.ld" --specs=nosys.specs -Wl,-Map="tcp_socket_client.map" -Wl,--gc-sections -static -u_printf_float --specs=nano.specs -mfpu=fpv4-sp-d16 -mfloat-abi=hard -mthumb -Wl,--start-group -lc -lm -Wl,--end-group
Finished building target: tcp_socket_client.elf
 
arm-none-eabi-size   tcp_socket_client.elf 
arm-none-eabi-objdump -h -S  tcp_socket_client.elf  > "tcp_socket_client.list"
   text	   data	    bss	    dec	    hex	filename
 159108	    572	 111868	 271548	  424bc	tcp_socket_client.elf
arm-none-eabi-objcopy  -O binary  tcp_socket_client.elf  "tcp_socket_client.bin"
Finished building: default.size.stdout
 
Finished building: tcp_socket_client.bin
 
Finished building: tcp_socket_client.list
 

22:04:51 Build Finished. 0 errors, 0 warnings. (took 1s.702ms)

